../src/lib/beacon_f103/USB_DEVICE/App/usbd_cdc_if.c:45:10:cdcAvailable	16	static
../src/lib/beacon_f103/USB_DEVICE/App/usbd_cdc_if.c:54:9:cdcRead	16	static
../src/lib/beacon_f103/USB_DEVICE/App/usbd_cdc_if.c:68:6:cdcDataIn	24	static
../src/lib/beacon_f103/USB_DEVICE/App/usbd_cdc_if.c:82:10:cdcWrite	24	static
../src/lib/beacon_f103/USB_DEVICE/App/usbd_cdc_if.c:115:10:cdcGetBaud	4	static
../src/lib/beacon_f103/USB_DEVICE/App/usbd_cdc_if.c:122:9:USBD_CDC_SOF	32	static
../src/lib/beacon_f103/USB_DEVICE/App/usbd_cdc_if.c:265:15:CDC_Init_FS	8	static
../src/lib/beacon_f103/USB_DEVICE/App/usbd_cdc_if.c:279:15:CDC_DeInit_FS	4	static
../src/lib/beacon_f103/USB_DEVICE/App/usbd_cdc_if.c:293:15:CDC_Control_FS	16	static
../src/lib/beacon_f103/USB_DEVICE/App/usbd_cdc_if.c:386:15:CDC_Receive_FS	32	static
../src/lib/beacon_f103/USB_DEVICE/App/usbd_cdc_if.c:422:9:CDC_Transmit_FS	24	static
